// Jest Snapshot v1, https://goo.gl/fbAQLP

exports[`Elements Container fragment matches the snapshot 1`] = `
<DocumentFragment>
  <div
    class="components__Container-otb__sc-1b5b71e0-0 kyDIq"
  />
</DocumentFragment>
`;

exports[`Elements StyledImage fragment matches the snapshot 1`] = `
<DocumentFragment>
  <img
    alt="Picture of a hotelName"
    class="components__StyledImage-otb__sc-1b5b71e0-3 eqQuCU"
    data-nimg="1"
    decoding="async"
    height="100"
    loading="lazy"
    src="/_next/image?url=%2Ftest-url.png&w=256&q=75"
    srcset="/_next/image?url=%2Ftest-url.png&w=128&q=75 1x, /_next/image?url=%2Ftest-url.png&w=256&q=75 2x"
    style="color: transparent;"
    width="100"
  />
</DocumentFragment>
`;
